<!DOCTYPE html>

<html>
<head>
    <meta charset="utf-8" />
    <title></title>
</head>
<body>
    <h1>"Hello from toshko server {O:O}"</h1>

        <h1>This Model.Name = Test1234, Model.Age =10</h1>
        <h1>2</h1>

        <p>5</p>
        <p>5</p>
        <p>5</p>
        <p>5</p>
        <p>5</p>

</body>
</html>
