<!DOCTYPE html>

<html>
<head>
    <meta charset="utf-8" />
    <title></title>
</head>
<body>
        <p>Included</p>


    <ul>
            <li>1</li>
            <li>1</li>
            <li>1</li>
            <li>1</li>
            <li>1</li>
    </ul>
</body>
</html>
