<!DOCTYPE html>

<html>
<head>
    <meta charset="utf-8" />
    <title></title>
</head>
<body>
    <h1>Hello brat "Toshko"</h1>

    <ul>
        <li>Toshko</li>
        <li>Pesho</li>
        <li>Lily</li>
    </ul>
</body>
</html>
